target: Cepheus-1-108Q   shots=2000
  pinned logical->physical qubits: {0: 100, 1: 101, 2: 102, 3: 93, 4: 84, 5: 83, 6: 74, 7: 65, 8: 56, 9: 57, 10: 58, 11: 67, 12: 68, 13: 77, 14: 86, 15: 95, 16: 104}  (INITIAL_REWIRING NAIVE)
loaded 64 jobs from ./manifest.json  (npos=None, m~=None, E=None)
  compiled rep_bit_d3_r0_s0
  compiled rep_bit_d3_r0_s1
  compiled rep_bit_d3_r1_s0
  compiled rep_bit_d3_r1_s1
  compiled rep_bit_d3_r3_s0
  compiled rep_bit_d3_r3_s1
  compiled rep_bit_d3_r6_s0
  compiled rep_bit_d3_r6_s1
  compiled rep_bit_d5_r0_s0
  compiled rep_bit_d5_r0_s1
  compiled rep_bit_d5_r1_s0
  compiled rep_bit_d5_r1_s1
  compiled rep_bit_d5_r3_s0
  compiled rep_bit_d5_r3_s1
  compiled rep_bit_d5_r6_s0
  compiled rep_bit_d5_r6_s1
  compiled rep_bit_d7_r0_s0
  compiled rep_bit_d7_r0_s1
  compiled rep_bit_d7_r1_s0
  compiled rep_bit_d7_r1_s1
  compiled rep_bit_d7_r3_s0
  compiled rep_bit_d7_r3_s1
  compiled rep_bit_d7_r6_s0
  compiled rep_bit_d7_r6_s1
  compiled rep_bit_d9_r0_s0
  compiled rep_bit_d9_r0_s1
  compiled rep_bit_d9_r1_s0
  compiled rep_bit_d9_r1_s1
  compiled rep_bit_d9_r3_s0
  compiled rep_bit_d9_r3_s1
  compiled rep_bit_d9_r6_s0
  compiled rep_bit_d9_r6_s1
  compiled rep_phase_d3_r0_s0
  compiled rep_phase_d3_r0_s1
  compiled rep_phase_d3_r1_s0
  compiled rep_phase_d3_r1_s1
  compiled rep_phase_d3_r3_s0
  compiled rep_phase_d3_r3_s1
  compiled rep_phase_d3_r6_s0
  compiled rep_phase_d3_r6_s1
  compiled rep_phase_d5_r0_s0
  compiled rep_phase_d5_r0_s1
  compiled rep_phase_d5_r1_s0
  compiled rep_phase_d5_r1_s1
  compiled rep_phase_d5_r3_s0
  compiled rep_phase_d5_r3_s1
  compiled rep_phase_d5_r6_s0
  compiled rep_phase_d5_r6_s1
  compiled rep_phase_d7_r0_s0
  compiled rep_phase_d7_r0_s1
  compiled rep_phase_d7_r1_s0
  compiled rep_phase_d7_r1_s1
  compiled rep_phase_d7_r3_s0
  compiled rep_phase_d7_r3_s1
  compiled rep_phase_d7_r6_s0
  compiled rep_phase_d7_r6_s1
  compiled rep_phase_d9_r0_s0
  compiled rep_phase_d9_r0_s1
  compiled rep_phase_d9_r1_s0
  compiled rep_phase_d9_r1_s1
  compiled rep_phase_d9_r3_s0
  compiled rep_phase_d9_r3_s1
  compiled rep_phase_d9_r6_s0
  compiled rep_phase_d9_r6_s1
resuming: 1 jobs already in qcs_results_repcode.json
submitted 63 jobs

  job          t   kind      QPU        exact    exact
  rep_bit_d3_r0_s0  0   raw         +nan      +nan      +nan
  rep_bit_d3_r0_s1  0   raw         +nan      +nan      +nan
  rep_bit_d3_r1_s0  0   raw         +nan      +nan      +nan
  rep_bit_d3_r1_s1  0   raw         +nan      +nan      +nan
  rep_bit_d3_r3_s0  0   raw         +nan      +nan      +nan
  rep_bit_d3_r3_s1  0   raw         +nan      +nan      +nan
  rep_bit_d3_r6_s0  0   raw         +nan      +nan      +nan
  rep_bit_d3_r6_s1  0   raw         +nan      +nan      +nan
  rep_bit_d5_r0_s0  0   raw         +nan      +nan      +nan
  rep_bit_d5_r0_s1  0   raw         +nan      +nan      +nan
  rep_bit_d5_r1_s0  0   raw         +nan      +nan      +nan
  rep_bit_d5_r1_s1  0   raw         +nan      +nan      +nan
  rep_bit_d5_r3_s0  0   raw         +nan      +nan      +nan
  rep_bit_d5_r3_s1  0   raw         +nan      +nan      +nan
  rep_bit_d5_r6_s0  0   raw         +nan      +nan      +nan
  rep_bit_d5_r6_s1  0   raw         +nan      +nan      +nan
  rep_bit_d7_r0_s0  0   raw         +nan      +nan      +nan
  rep_bit_d7_r0_s1  0   raw         +nan      +nan      +nan
  rep_bit_d7_r1_s0  0   raw         +nan      +nan      +nan
  rep_bit_d7_r1_s1  0   raw         +nan      +nan      +nan
  rep_bit_d7_r3_s0  0   raw         +nan      +nan      +nan
  rep_bit_d7_r3_s1  0   raw         +nan      +nan      +nan
  rep_bit_d7_r6_s0  0   raw         +nan      +nan      +nan
  rep_bit_d7_r6_s1  0   raw         +nan      +nan      +nan
  rep_bit_d9_r0_s0  0   raw         +nan      +nan      +nan
  rep_bit_d9_r0_s1  0   raw         +nan      +nan      +nan
  rep_bit_d9_r1_s0  0   raw         +nan      +nan      +nan
  rep_bit_d9_r1_s1  0   raw         +nan      +nan      +nan
  rep_bit_d9_r3_s0  0   raw         +nan      +nan      +nan
  rep_bit_d9_r3_s1  0   raw         +nan      +nan      +nan
  rep_bit_d9_r6_s0  0   raw         +nan      +nan      +nan
  rep_bit_d9_r6_s1  0   raw         +nan      +nan      +nan
  rep_phase_d3_r0_s0  0   raw         +nan      +nan      +nan
  rep_phase_d3_r0_s1  0   raw         +nan      +nan      +nan
  rep_phase_d3_r1_s0  0   raw         +nan      +nan      +nan
  rep_phase_d3_r1_s1  0   raw         +nan      +nan      +nan
  rep_phase_d3_r3_s0  0   raw         +nan      +nan      +nan
  rep_phase_d3_r3_s1  0   raw         +nan      +nan      +nan
  rep_phase_d3_r6_s0  0   raw         +nan      +nan      +nan
  rep_phase_d3_r6_s1  0   raw         +nan      +nan      +nan
  rep_phase_d5_r0_s0  0   raw         +nan      +nan      +nan
  rep_phase_d5_r0_s1  0   raw         +nan      +nan      +nan
  rep_phase_d5_r1_s0  0   raw         +nan      +nan      +nan
  rep_phase_d5_r1_s1  0   raw         +nan      +nan      +nan
  rep_phase_d5_r3_s0  0   raw         +nan      +nan      +nan
  rep_phase_d5_r6_s0  0   raw         +nan      +nan      +nan
  rep_phase_d5_r6_s1  0   raw         +nan      +nan      +nan
  rep_phase_d7_r0_s0  0   raw         +nan      +nan      +nan
  rep_phase_d7_r0_s1  0   raw         +nan      +nan      +nan
  rep_phase_d7_r1_s0  0   raw         +nan      +nan      +nan
  rep_phase_d7_r1_s1  0   raw         +nan      +nan      +nan
  rep_phase_d7_r3_s0  0   raw         +nan      +nan      +nan
  rep_phase_d7_r3_s1  0   raw         +nan      +nan      +nan
  rep_phase_d7_r6_s0  0   raw         +nan      +nan      +nan
  rep_phase_d7_r6_s1  0   raw         +nan      +nan      +nan
  rep_phase_d9_r0_s0  0   raw         +nan      +nan      +nan
  rep_phase_d9_r0_s1  0   raw         +nan      +nan      +nan
  rep_phase_d9_r1_s0  0   raw         +nan      +nan      +nan
  rep_phase_d9_r1_s1  0   raw         +nan      +nan      +nan
  rep_phase_d9_r3_s0  0   raw         +nan      +nan      +nan
  rep_phase_d9_r3_s1  0   raw         +nan      +nan      +nan
  rep_phase_d9_r6_s0  0   raw         +nan      +nan      +nan
  rep_phase_d9_r6_s1  0   raw         +nan      +nan      +nan

total QPU execution time: 27874162 us  (27.8742 s billed)
results written to qcs_results_repcode.json
