target: Cepheus-1-108Q   shots=2000
  pinned logical->physical qubits: {0: 65, 1: 74, 2: 92, 3: 83, 4: 56, 5: 64, 6: 66}  (INITIAL_REWIRING NAIVE)
loaded 14 jobs from ./manifest.json  (npos=2, m~=0.8, E=0.7610127542247298)
  compiled pc_t1_none_r0
  compiled pc_t2_none_r0
  compiled pc_t2_chk_r0
  compiled pc_t3_none_r0
  compiled pc_t3_chk_r0
  compiled pc_t4_none_r0
  compiled pc_t4_chk_r0
  compiled pc_t1_none_r1
  compiled pc_t2_none_r1
  compiled pc_t2_chk_r1
  compiled pc_t3_none_r1
  compiled pc_t3_chk_r1
  compiled pc_t4_none_r1
  compiled pc_t4_chk_r1
resuming: 1 jobs already in qcs_results_pcheck.json
submitted 13 jobs

  job          t   kind      QPU        exact    exact
  pc_t1_none_r0  1   raw         +nan   +0.9988   +0.9988
  pc_t2_none_r0  2   raw         +nan   +0.0974   +0.0974
  pc_t2_chk_r0  2   raw         +nan   +0.0974   +0.0974
  pc_t3_none_r0  3   raw         +nan   -0.9893   -0.9893
  pc_t3_chk_r0  3   raw         +nan   -0.9893   -0.9893
  pc_t4_none_r0  4   raw         +nan   -0.1938   -0.1938
  pc_t1_none_r1  1   raw         +nan   +0.9988   +0.9988
  pc_t2_none_r1  2   raw         +nan   +0.0974   +0.0974
  pc_t2_chk_r1  2   raw         +nan   +0.0974   +0.0974
  pc_t3_none_r1  3   raw         +nan   -0.9893   -0.9893
  pc_t3_chk_r1  3   raw         +nan   -0.9893   -0.9893
  pc_t4_none_r1  4   raw         +nan   -0.1938   -0.1938
  pc_t4_chk_r1  4   raw         +nan   -0.1938   -0.1938

total QPU execution time: 5997249 us  (5.9972 s billed)
results written to qcs_results_pcheck.json
