target: Cepheus-1-108Q   shots=2000
loaded 34 jobs from ./manifest.json  (npos=2, m~=0.8, E=0.7610)
  compiled even_all_t4_native
  compiled even_all_t4_tw00
  compiled even_all_t4_tw01
  compiled even_all_t4_tw02
  compiled even_all_t4_tw03
  compiled even_all_t4_tw04
  compiled even_all_t4_tw05
  compiled even_all_t4_tw06
  compiled even_all_t4_tw07
  compiled even_all_t4_tw08
  compiled even_all_t4_tw09
  compiled even_all_t4_tw10
  compiled even_all_t4_tw11
  compiled even_all_t4_tw12
  compiled even_all_t4_tw13
  compiled even_all_t4_tw14
  compiled even_all_t4_tw15
  compiled step1_q1_t4_native
  compiled step1_q1_t4_tw00
  compiled step1_q1_t4_tw01
  compiled step1_q1_t4_tw02
  compiled step1_q1_t4_tw03
  compiled step1_q1_t4_tw04
  compiled step1_q1_t4_tw05
  compiled step1_q1_t4_tw06
  compiled step1_q1_t4_tw07
  compiled step1_q1_t4_tw08
  compiled step1_q1_t4_tw09
  compiled step1_q1_t4_tw10
  compiled step1_q1_t4_tw11
  compiled step1_q1_t4_tw12
  compiled step1_q1_t4_tw13
  compiled step1_q1_t4_tw14
  compiled step1_q1_t4_tw15
submitted 34 jobs

  job          t   kind      QPU        exact    exact
  even_all_t4_native  4   palpha   -0.1270   -0.1938   -0.1938
  even_all_t4_tw00  4   palpha   -0.0080   -0.1938   -0.1938
  even_all_t4_tw01  4   palpha   +0.2480   -0.1938   -0.1938
  even_all_t4_tw02  4   palpha   -0.2000   -0.1938   -0.1938
  even_all_t4_tw03  4   palpha   -0.1840   -0.1938   -0.1938
  even_all_t4_tw04  4   palpha   -0.3440   -0.1938   -0.1938
  even_all_t4_tw05  4   palpha   -0.1360   -0.1938   -0.1938
  even_all_t4_tw06  4   palpha   +0.1520   -0.1938   -0.1938
  even_all_t4_tw07  4   palpha   +0.1680   -0.1938   -0.1938
  even_all_t4_tw08  4   palpha   +0.1840   -0.1938   -0.1938
  even_all_t4_tw09  4   palpha   -0.0400   -0.1938   -0.1938
  even_all_t4_tw10  4   palpha   +0.0080   -0.1938   -0.1938
  even_all_t4_tw11  4   palpha   -0.3280   -0.1938   -0.1938
  even_all_t4_tw12  4   palpha   +0.1200   -0.1938   -0.1938
  even_all_t4_tw13  4   palpha   +0.1040   -0.1938   -0.1938
  even_all_t4_tw14  4   palpha   +0.0400   -0.1938   -0.1938
  even_all_t4_tw15  4   palpha   +0.0560   -0.1938   -0.1938
  step1_q1_t4_native  4   alpha    +0.1230   -0.1938   -0.1938
  step1_q1_t4_tw00  4   alpha    +0.1200   -0.1938   -0.1938
  step1_q1_t4_tw01  4   alpha    -0.1840   -0.1938   -0.1938
  step1_q1_t4_tw02  4   alpha    +0.2640   -0.1938   -0.1938
  step1_q1_t4_tw03  4   alpha    -0.2000   -0.1938   -0.1938
  step1_q1_t4_tw04  4   alpha    -0.0240   -0.1938   -0.1938
  step1_q1_t4_tw05  4   alpha    -0.0400   -0.1938   -0.1938
  step1_q1_t4_tw06  4   alpha    -0.0400   -0.1938   -0.1938
  step1_q1_t4_tw07  4   alpha    -0.3440   -0.1938   -0.1938
  step1_q1_t4_tw08  4   alpha    -0.1040   -0.1938   -0.1938
  step1_q1_t4_tw09  4   alpha    -0.0560   -0.1938   -0.1938
  step1_q1_t4_tw10  4   alpha    +0.0560   -0.1938   -0.1938
  step1_q1_t4_tw11  4   alpha    +0.3600   -0.1938   -0.1938
  step1_q1_t4_tw12  4   alpha    +0.1360   -0.1938   -0.1938
  step1_q1_t4_tw13  4   alpha    -0.1680   -0.1938   -0.1938
  step1_q1_t4_tw14  4   alpha    -0.3920   -0.1938   -0.1938
  step1_q1_t4_tw15  4   alpha    +0.3440   -0.1938   -0.1938

total QPU execution time: 2635202 us  (2.6352 s billed)
results written to qcs_results_twirl_A.json
target: Cepheus-1-108Q   shots=2000
loaded 34 jobs from ./manifest.json  (npos=2, m~=0.8, E=0.7610)
  compiled even_all_t4_native
  compiled even_all_t4_tw00
  compiled even_all_t4_tw01
  compiled even_all_t4_tw02
  compiled even_all_t4_tw03
  compiled even_all_t4_tw04
  compiled even_all_t4_tw05
  compiled even_all_t4_tw06
  compiled even_all_t4_tw07
  compiled even_all_t4_tw08
  compiled even_all_t4_tw09
  compiled even_all_t4_tw10
  compiled even_all_t4_tw11
  compiled even_all_t4_tw12
  compiled even_all_t4_tw13
  compiled even_all_t4_tw14
  compiled even_all_t4_tw15
  compiled step1_q1_t4_native
  compiled step1_q1_t4_tw00
  compiled step1_q1_t4_tw01
  compiled step1_q1_t4_tw02
  compiled step1_q1_t4_tw03
  compiled step1_q1_t4_tw04
  compiled step1_q1_t4_tw05
  compiled step1_q1_t4_tw06
  compiled step1_q1_t4_tw07
  compiled step1_q1_t4_tw08
  compiled step1_q1_t4_tw09
  compiled step1_q1_t4_tw10
  compiled step1_q1_t4_tw11
response failed classification=Code: 14 latency=232 ms
  compiled step1_q1_t4_tw12
  compiled step1_q1_t4_tw13
  compiled step1_q1_t4_tw14
  compiled step1_q1_t4_tw15
submitted 34 jobs

  job          t   kind      QPU        exact    exact
  even_all_t4_native  4   palpha   -0.1590   -0.1938   -0.1938
  even_all_t4_tw00  4   palpha   -0.1360   -0.1938   -0.1938
  even_all_t4_tw01  4   palpha   +0.2480   -0.1938   -0.1938
  even_all_t4_tw02  4   palpha   -0.2000   -0.1938   -0.1938
  even_all_t4_tw03  4   palpha   -0.1680   -0.1938   -0.1938
  even_all_t4_tw04  4   palpha   -0.0240   -0.1938   -0.1938
  even_all_t4_tw05  4   palpha   +0.0880   -0.1938   -0.1938
  even_all_t4_tw06  4   palpha   -0.0240   -0.1938   -0.1938
  even_all_t4_tw07  4   palpha   +0.0400   -0.1938   -0.1938
  even_all_t4_tw08  4   palpha   +0.1840   -0.1938   -0.1938
  even_all_t4_tw09  4   palpha   -0.1840   -0.1938   -0.1938
  even_all_t4_tw10  4   palpha   +0.0560   -0.1938   -0.1938
  even_all_t4_tw11  4   palpha   -0.0880   -0.1938   -0.1938
  even_all_t4_tw12  4   palpha   +0.0720   -0.1938   -0.1938
  even_all_t4_tw13  4   palpha   +0.0560   -0.1938   -0.1938
  even_all_t4_tw14  4   palpha   -0.0880   -0.1938   -0.1938
  even_all_t4_tw15  4   palpha   +0.1360   -0.1938   -0.1938
  step1_q1_t4_native  4   alpha    +0.1070   -0.1938   -0.1938
  step1_q1_t4_tw00  4   alpha    +0.0720   -0.1938   -0.1938
  step1_q1_t4_tw01  4   alpha    -0.2160   -0.1938   -0.1938
  step1_q1_t4_tw02  4   alpha    +0.1200   -0.1938   -0.1938
  step1_q1_t4_tw03  4   alpha    -0.0400   -0.1938   -0.1938
  step1_q1_t4_tw04  4   alpha    -0.1840   -0.1938   -0.1938
  step1_q1_t4_tw05  4   alpha    -0.1520   -0.1938   -0.1938
  step1_q1_t4_tw06  4   alpha    -0.1040   -0.1938   -0.1938
  step1_q1_t4_tw07  4   alpha    -0.0720   -0.1938   -0.1938
  step1_q1_t4_tw08  4   alpha    -0.0880   -0.1938   -0.1938
  step1_q1_t4_tw09  4   alpha    -0.1360   -0.1938   -0.1938
  step1_q1_t4_tw10  4   alpha    -0.0080   -0.1938   -0.1938
  step1_q1_t4_tw11  4   alpha    +0.1200   -0.1938   -0.1938
  step1_q1_t4_tw12  4   alpha    +0.2160   -0.1938   -0.1938
  step1_q1_t4_tw13  4   alpha    -0.2800   -0.1938   -0.1938
  step1_q1_t4_tw14  4   alpha    -0.2800   -0.1938   -0.1938
  step1_q1_t4_tw15  4   alpha    +0.2000   -0.1938   -0.1938

total QPU execution time: 2665769 us  (2.6658 s billed)
results written to qcs_results_twirl_B.json
