target: Cepheus-1-108Q   shots=2000
loaded 258 jobs from ./manifest.json  (npos=2, m~=0.8, E=0.7610)
  compiled alpha_t1_tw00
  compiled alpha_t1_tw01
  compiled alpha_t1_tw02
  compiled alpha_t1_tw03
  compiled alpha_t1_tw04
  compiled alpha_t1_tw05
  compiled alpha_t1_tw06
  compiled alpha_t1_tw07
  compiled alpha_t1_tw08
  compiled alpha_t1_tw09
  compiled alpha_t1_tw10
  compiled alpha_t1_tw11
  compiled alpha_t1_tw12
  compiled alpha_t1_tw13
  compiled alpha_t1_tw14
  compiled alpha_t1_tw15
  compiled alpha_t1_x3_tw00
  compiled alpha_t1_x3_tw01
  compiled alpha_t1_x3_tw02
  compiled alpha_t1_x3_tw03
  compiled alpha_t1_x3_tw04
  compiled alpha_t1_x3_tw05
  compiled alpha_t1_x3_tw06
  compiled alpha_t1_x3_tw07
  compiled alpha_t1_x3_tw08
  compiled alpha_t1_x3_tw09
  compiled alpha_t1_x3_tw10
  compiled alpha_t1_x3_tw11
  compiled alpha_t1_x3_tw12
  compiled alpha_t1_x3_tw13
  compiled alpha_t1_x3_tw14
  compiled alpha_t1_x3_tw15
  compiled alpha_t1_x5_tw00
  compiled alpha_t1_x5_tw01
  compiled alpha_t1_x5_tw02
  compiled alpha_t1_x5_tw03
  compiled alpha_t1_x5_tw04
  compiled alpha_t1_x5_tw05
  compiled alpha_t1_x5_tw06
  compiled alpha_t1_x5_tw07
  compiled alpha_t1_x5_tw08
  compiled alpha_t1_x5_tw09
  compiled alpha_t1_x5_tw10
  compiled alpha_t1_x5_tw11
  compiled alpha_t1_x5_tw12
  compiled alpha_t1_x5_tw13
  compiled alpha_t1_x5_tw14
  compiled alpha_t1_x5_tw15
  compiled alpha_t1_mirror_tw00
  compiled alpha_t1_mirror_tw01
  compiled alpha_t1_mirror_tw02
  compiled alpha_t1_mirror_tw03
  compiled alpha_t1_mirror_tw04
  compiled alpha_t1_mirror_tw05
  compiled alpha_t1_mirror_tw06
  compiled alpha_t1_mirror_tw07
  compiled alpha_t1_mirror_tw08
  compiled alpha_t1_mirror_tw09
  compiled alpha_t1_mirror_tw10
  compiled alpha_t1_mirror_tw11
  compiled alpha_t1_mirror_tw12
  compiled alpha_t1_mirror_tw13
  compiled alpha_t1_mirror_tw14
  compiled alpha_t1_mirror_tw15
  compiled alpha_t2_tw00
  compiled alpha_t2_tw01
  compiled alpha_t2_tw02
  compiled alpha_t2_tw03
  compiled alpha_t2_tw04
  compiled alpha_t2_tw05
  compiled alpha_t2_tw06
  compiled alpha_t2_tw07
  compiled alpha_t2_tw08
  compiled alpha_t2_tw09
  compiled alpha_t2_tw10
  compiled alpha_t2_tw11
  compiled alpha_t2_tw12
  compiled alpha_t2_tw13
  compiled alpha_t2_tw14
  compiled alpha_t2_tw15
  compiled alpha_t2_x3_tw00
  compiled alpha_t2_x3_tw01
  compiled alpha_t2_x3_tw02
  compiled alpha_t2_x3_tw03
  compiled alpha_t2_x3_tw04
  compiled alpha_t2_x3_tw05
  compiled alpha_t2_x3_tw06
  compiled alpha_t2_x3_tw07
  compiled alpha_t2_x3_tw08
  compiled alpha_t2_x3_tw09
  compiled alpha_t2_x3_tw10
  compiled alpha_t2_x3_tw11
  compiled alpha_t2_x3_tw12
  compiled alpha_t2_x3_tw13
  compiled alpha_t2_x3_tw14
  compiled alpha_t2_x3_tw15
  compiled alpha_t2_x5_tw00
  compiled alpha_t2_x5_tw01
  compiled alpha_t2_x5_tw02
  compiled alpha_t2_x5_tw03
  compiled alpha_t2_x5_tw04
  compiled alpha_t2_x5_tw05
  compiled alpha_t2_x5_tw06
  compiled alpha_t2_x5_tw07
  compiled alpha_t2_x5_tw08
  compiled alpha_t2_x5_tw09
  compiled alpha_t2_x5_tw10
  compiled alpha_t2_x5_tw11
  compiled alpha_t2_x5_tw12
  compiled alpha_t2_x5_tw13
  compiled alpha_t2_x5_tw14
  compiled alpha_t2_x5_tw15
  compiled alpha_t2_mirror_tw00
  compiled alpha_t2_mirror_tw01
  compiled alpha_t2_mirror_tw02
  compiled alpha_t2_mirror_tw03
  compiled alpha_t2_mirror_tw04
  compiled alpha_t2_mirror_tw05
  compiled alpha_t2_mirror_tw06
  compiled alpha_t2_mirror_tw07
  compiled alpha_t2_mirror_tw08
  compiled alpha_t2_mirror_tw09
  compiled alpha_t2_mirror_tw10
  compiled alpha_t2_mirror_tw11
  compiled alpha_t2_mirror_tw12
  compiled alpha_t2_mirror_tw13
  compiled alpha_t2_mirror_tw14
  compiled alpha_t2_mirror_tw15
  compiled alpha_t3_tw00
  compiled alpha_t3_tw01
  compiled alpha_t3_tw02
  compiled alpha_t3_tw03
  compiled alpha_t3_tw04
  compiled alpha_t3_tw05
  compiled alpha_t3_tw06
  compiled alpha_t3_tw07
  compiled alpha_t3_tw08
  compiled alpha_t3_tw09
  compiled alpha_t3_tw10
  compiled alpha_t3_tw11
  compiled alpha_t3_tw12
  compiled alpha_t3_tw13
  compiled alpha_t3_tw14
  compiled alpha_t3_tw15
  compiled alpha_t3_x3_tw00
  compiled alpha_t3_x3_tw01
  compiled alpha_t3_x3_tw02
  compiled alpha_t3_x3_tw03
  compiled alpha_t3_x3_tw04
  compiled alpha_t3_x3_tw05
  compiled alpha_t3_x3_tw06
  compiled alpha_t3_x3_tw07
  compiled alpha_t3_x3_tw08
  compiled alpha_t3_x3_tw09
  compiled alpha_t3_x3_tw10
  compiled alpha_t3_x3_tw11
  compiled alpha_t3_x3_tw12
  compiled alpha_t3_x3_tw13
  compiled alpha_t3_x3_tw14
  compiled alpha_t3_x3_tw15
  compiled alpha_t3_x5_tw00
  compiled alpha_t3_x5_tw01
  compiled alpha_t3_x5_tw02
  compiled alpha_t3_x5_tw03
  compiled alpha_t3_x5_tw04
  compiled alpha_t3_x5_tw05
  compiled alpha_t3_x5_tw06
  compiled alpha_t3_x5_tw07
  compiled alpha_t3_x5_tw08
  compiled alpha_t3_x5_tw09
  compiled alpha_t3_x5_tw10
  compiled alpha_t3_x5_tw11
  compiled alpha_t3_x5_tw12
  compiled alpha_t3_x5_tw13
  compiled alpha_t3_x5_tw14
  compiled alpha_t3_x5_tw15
  compiled alpha_t3_mirror_tw00
  compiled alpha_t3_mirror_tw01
  compiled alpha_t3_mirror_tw02
  compiled alpha_t3_mirror_tw03
  compiled alpha_t3_mirror_tw04
  compiled alpha_t3_mirror_tw05
  compiled alpha_t3_mirror_tw06
  compiled alpha_t3_mirror_tw07
  compiled alpha_t3_mirror_tw08
  compiled alpha_t3_mirror_tw09
  compiled alpha_t3_mirror_tw10
  compiled alpha_t3_mirror_tw11
  compiled alpha_t3_mirror_tw12
  compiled alpha_t3_mirror_tw13
  compiled alpha_t3_mirror_tw14
  compiled alpha_t3_mirror_tw15
  compiled alpha_t4_tw00
  compiled alpha_t4_tw01
  compiled alpha_t4_tw02
  compiled alpha_t4_tw03
  compiled alpha_t4_tw04
  compiled alpha_t4_tw05
  compiled alpha_t4_tw06
  compiled alpha_t4_tw07
  compiled alpha_t4_tw08
  compiled alpha_t4_tw09
  compiled alpha_t4_tw10
  compiled alpha_t4_tw11
  compiled alpha_t4_tw12
  compiled alpha_t4_tw13
  compiled alpha_t4_tw14
  compiled alpha_t4_tw15
  compiled alpha_t4_x3_tw00
  compiled alpha_t4_x3_tw01
  compiled alpha_t4_x3_tw02
  compiled alpha_t4_x3_tw03
  compiled alpha_t4_x3_tw04
  compiled alpha_t4_x3_tw05
  compiled alpha_t4_x3_tw06
  compiled alpha_t4_x3_tw07
  compiled alpha_t4_x3_tw08
  compiled alpha_t4_x3_tw09
  compiled alpha_t4_x3_tw10
  compiled alpha_t4_x3_tw11
  compiled alpha_t4_x3_tw12
  compiled alpha_t4_x3_tw13
  compiled alpha_t4_x3_tw14
  compiled alpha_t4_x3_tw15
  compiled alpha_t4_x5_tw00
  compiled alpha_t4_x5_tw01
  compiled alpha_t4_x5_tw02
  compiled alpha_t4_x5_tw03
  compiled alpha_t4_x5_tw04
  compiled alpha_t4_x5_tw05
  compiled alpha_t4_x5_tw06
  compiled alpha_t4_x5_tw07
  compiled alpha_t4_x5_tw08
  compiled alpha_t4_x5_tw09
  compiled alpha_t4_x5_tw10
  compiled alpha_t4_x5_tw11
  compiled alpha_t4_x5_tw12
  compiled alpha_t4_x5_tw13
  compiled alpha_t4_x5_tw14
  compiled alpha_t4_x5_tw15
  compiled alpha_t4_mirror_tw00
  compiled alpha_t4_mirror_tw01
  compiled alpha_t4_mirror_tw02
  compiled alpha_t4_mirror_tw03
  compiled alpha_t4_mirror_tw04
  compiled alpha_t4_mirror_tw05
  compiled alpha_t4_mirror_tw06
  compiled alpha_t4_mirror_tw07
  compiled alpha_t4_mirror_tw08
  compiled alpha_t4_mirror_tw09
  compiled alpha_t4_mirror_tw10
  compiled alpha_t4_mirror_tw11
  compiled alpha_t4_mirror_tw12
  compiled alpha_t4_mirror_tw13
  compiled alpha_t4_mirror_tw14
  compiled alpha_t4_mirror_tw15
  compiled cal_ro0
  compiled cal_ro1
submitted 258 jobs

  job          t   kind      QPU        exact    emulator
  alpha_t1_tw00  1   alpha    +0.8720   +0.9988   +0.9990
  alpha_t1_tw01  1   alpha    +0.7760   +0.9988   +0.9990
  alpha_t1_tw02  1   alpha    +0.7760   +0.9988   +0.9990
  alpha_t1_tw03  1   alpha    +0.8720   +0.9988   +0.9990
  alpha_t1_tw04  1   alpha    +0.8720   +0.9988   +0.9990
  alpha_t1_tw05  1   alpha    +0.9200   +0.9988   +0.9990
  alpha_t1_tw06  1   alpha    +0.6640   +0.9988   +0.9990
  alpha_t1_tw07  1   alpha    +0.7120   +0.9988   +0.9990
  alpha_t1_tw08  1   alpha    +0.7440   +0.9988   +0.9990
  alpha_t1_tw09  1   alpha    +0.8080   +0.9988   +0.9990
  alpha_t1_tw10  1   alpha    +0.8240   +0.9988   +0.9990
  alpha_t1_tw11  1   alpha    +0.7920   +0.9988   +0.9990
  alpha_t1_tw12  1   alpha    +0.7600   +0.9988   +0.9990
  alpha_t1_tw13  1   alpha    +0.9200   +0.9988   +0.9990
  alpha_t1_tw14  1   alpha    +0.8400   +0.9988   +0.9990
  alpha_t1_tw15  1   alpha    +0.8400   +0.9988   +0.9990
  alpha_t1_x3_tw00  1   alpha    +0.6320   +0.9988   +0.9990
  alpha_t1_x3_tw01  1   alpha    +0.6000   +0.9988   +0.9990
  alpha_t1_x3_tw02  1   alpha    +0.6160   +0.9988   +0.9990
  alpha_t1_x3_tw03  1   alpha    +0.4720   +0.9988   +0.9990
  alpha_t1_x3_tw04  1   alpha    +0.3920   +0.9988   +0.9990
  alpha_t1_x3_tw05  1   alpha    +0.5040   +0.9988   +0.9990
  alpha_t1_x3_tw06  1   alpha    +0.4400   +0.9988   +0.9990
  alpha_t1_x3_tw07  1   alpha    +0.7920   +0.9988   +0.9990
  alpha_t1_x3_tw08  1   alpha    +0.6000   +0.9988   +0.9990
  alpha_t1_x3_tw09  1   alpha    +0.6800   +0.9988   +0.9990
  alpha_t1_x3_tw10  1   alpha    +0.6800   +0.9988   +0.9990
  alpha_t1_x3_tw11  1   alpha    +0.5520   +0.9988   +0.9990
  alpha_t1_x3_tw12  1   alpha    +0.7600   +0.9988   +0.9990
  alpha_t1_x3_tw13  1   alpha    +0.6480   +0.9988   +0.9990
  alpha_t1_x3_tw14  1   alpha    +0.2640   +0.9988   +0.9990
  alpha_t1_x3_tw15  1   alpha    +0.7760   +0.9988   +0.9990
  alpha_t1_x5_tw00  1   alpha    +0.5360   +0.9988   +0.9990
  alpha_t1_x5_tw01  1   alpha    +0.5360   +0.9988   +0.9990
  alpha_t1_x5_tw02  1   alpha    +0.4400   +0.9988   +0.9990
  alpha_t1_x5_tw03  1   alpha    +0.7600   +0.9988   +0.9990
  alpha_t1_x5_tw04  1   alpha    +0.4240   +0.9988   +0.9990
  alpha_t1_x5_tw05  1   alpha    +0.5520   +0.9988   +0.9990
  alpha_t1_x5_tw06  1   alpha    +0.5200   +0.9988   +0.9990
  alpha_t1_x5_tw07  1   alpha    +0.4720   +0.9988   +0.9990
  alpha_t1_x5_tw08  1   alpha    +0.6640   +0.9988   +0.9990
  alpha_t1_x5_tw09  1   alpha    +0.6480   +0.9988   +0.9990
  alpha_t1_x5_tw10  1   alpha    +0.2960   +0.9988   +0.9990
  alpha_t1_x5_tw11  1   alpha    +0.3120   +0.9988   +0.9990
  alpha_t1_x5_tw12  1   alpha    +0.4240   +0.9988   +0.9990
  alpha_t1_x5_tw13  1   alpha    +0.3760   +0.9988   +0.9990
  alpha_t1_x5_tw14  1   alpha    +0.2320   +0.9988   +0.9990
  alpha_t1_x5_tw15  1   alpha    +0.3920   +0.9988   +0.9990
  alpha_t1_mirror_tw00  1   alpha    -0.7760   -1.0000   +0.9990
  alpha_t1_mirror_tw01  1   alpha    -0.6160   -1.0000   +0.9990
  alpha_t1_mirror_tw02  1   alpha    -0.3440   -1.0000   +0.9990
  alpha_t1_mirror_tw03  1   alpha    -0.2800   -1.0000   +0.9990
  alpha_t1_mirror_tw04  1   alpha    -0.1520   -1.0000   +0.9990
  alpha_t1_mirror_tw05  1   alpha    -0.6480   -1.0000   +0.9990
  alpha_t1_mirror_tw06  1   alpha    -0.6800   -1.0000   +0.9990
  alpha_t1_mirror_tw07  1   alpha    -0.5040   -1.0000   +0.9990
  alpha_t1_mirror_tw08  1   alpha    -0.6800   -1.0000   +0.9990
  alpha_t1_mirror_tw09  1   alpha    -0.5520   -1.0000   +0.9990
  alpha_t1_mirror_tw10  1   alpha    -0.4240   -1.0000   +0.9990
  alpha_t1_mirror_tw11  1   alpha    -0.7280   -1.0000   +0.9990
  alpha_t1_mirror_tw12  1   alpha    -0.6000   -1.0000   +0.9990
  alpha_t1_mirror_tw13  1   alpha    -0.7280   -1.0000   +0.9990
  alpha_t1_mirror_tw14  1   alpha    -0.5520   -1.0000   +0.9990
  alpha_t1_mirror_tw15  1   alpha    -0.6320   -1.0000   +0.9990
  alpha_t2_tw00  2   alpha    +0.2000   +0.0974   +0.0640
  alpha_t2_tw01  2   alpha    +0.1200   +0.0974   +0.0640
  alpha_t2_tw02  2   alpha    +0.0880   +0.0974   +0.0640
  alpha_t2_tw03  2   alpha    -0.0880   +0.0974   +0.0640
  alpha_t2_tw04  2   alpha    +0.0560   +0.0974   +0.0640
  alpha_t2_tw05  2   alpha    +0.1360   +0.0974   +0.0640
  alpha_t2_tw06  2   alpha    +0.4240   +0.0974   +0.0640
  alpha_t2_tw07  2   alpha    +0.2480   +0.0974   +0.0640
  alpha_t2_tw08  2   alpha    +0.1040   +0.0974   +0.0640
  alpha_t2_tw09  2   alpha    +0.1200   +0.0974   +0.0640
  alpha_t2_tw10  2   alpha    +0.1680   +0.0974   +0.0640
  alpha_t2_tw11  2   alpha    +0.3440   +0.0974   +0.0640
  alpha_t2_tw12  2   alpha    +0.0240   +0.0974   +0.0640
  alpha_t2_tw13  2   alpha    +0.0080   +0.0974   +0.0640
  alpha_t2_tw14  2   alpha    +0.2640   +0.0974   +0.0640
  alpha_t2_tw15  2   alpha    +0.2480   +0.0974   +0.0640
  alpha_t2_x3_tw00  2   alpha    +0.0560   +0.0974   +0.0640
  alpha_t2_x3_tw01  2   alpha    +0.0560   +0.0974   +0.0640
  alpha_t2_x3_tw02  2   alpha    +0.2960   +0.0974   +0.0640
  alpha_t2_x3_tw03  2   alpha    +0.0880   +0.0974   +0.0640
  alpha_t2_x3_tw04  2   alpha    +0.0880   +0.0974   +0.0640
  alpha_t2_x3_tw05  2   alpha    +0.0080   +0.0974   +0.0640
  alpha_t2_x3_tw06  2   alpha    +0.0880   +0.0974   +0.0640
  alpha_t2_x3_tw07  2   alpha    +0.4400   +0.0974   +0.0640
  alpha_t2_x3_tw08  2   alpha    +0.3760   +0.0974   +0.0640
  alpha_t2_x3_tw09  2   alpha    +0.2320   +0.0974   +0.0640
  alpha_t2_x3_tw10  2   alpha    +0.1040   +0.0974   +0.0640
  alpha_t2_x3_tw11  2   alpha    +0.1840   +0.0974   +0.0640
  alpha_t2_x3_tw12  2   alpha    +0.1520   +0.0974   +0.0640
  alpha_t2_x3_tw13  2   alpha    +0.1200   +0.0974   +0.0640
  alpha_t2_x3_tw14  2   alpha    +0.0240   +0.0974   +0.0640
  alpha_t2_x3_tw15  2   alpha    +0.2320   +0.0974   +0.0640
  alpha_t2_x5_tw00  2   alpha    +0.2000   +0.0974   +0.0640
  alpha_t2_x5_tw01  2   alpha    +0.0720   +0.0974   +0.0640
  alpha_t2_x5_tw02  2   alpha    -0.0880   +0.0974   +0.0640
  alpha_t2_x5_tw03  2   alpha    +0.1840   +0.0974   +0.0640
  alpha_t2_x5_tw04  2   alpha    -0.0240   +0.0974   +0.0640
  alpha_t2_x5_tw05  2   alpha    +0.1840   +0.0974   +0.0640
  alpha_t2_x5_tw06  2   alpha    +0.0880   +0.0974   +0.0640
  alpha_t2_x5_tw07  2   alpha    -0.1840   +0.0974   +0.0640
  alpha_t2_x5_tw08  2   alpha    +0.3280   +0.0974   +0.0640
  alpha_t2_x5_tw09  2   alpha    +0.1520   +0.0974   +0.0640
  alpha_t2_x5_tw10  2   alpha    -0.2320   +0.0974   +0.0640
  alpha_t2_x5_tw11  2   alpha    +0.0880   +0.0974   +0.0640
  alpha_t2_x5_tw12  2   alpha    +0.0880   +0.0974   +0.0640
  alpha_t2_x5_tw13  2   alpha    -0.1680   +0.0974   +0.0640
  alpha_t2_x5_tw14  2   alpha    +0.2000   +0.0974   +0.0640
  alpha_t2_x5_tw15  2   alpha    +0.2960   +0.0974   +0.0640
  alpha_t2_mirror_tw00  2   alpha    -0.4240   -1.0000   +0.0640
  alpha_t2_mirror_tw01  2   alpha    -0.4240   -1.0000   +0.0640
  alpha_t2_mirror_tw02  2   alpha    -0.3760   -1.0000   +0.0640
  alpha_t2_mirror_tw03  2   alpha    -0.2800   -1.0000   +0.0640
  alpha_t2_mirror_tw04  2   alpha    -0.5040   -1.0000   +0.0640
  alpha_t2_mirror_tw05  2   alpha    +0.0560   -1.0000   +0.0640
  alpha_t2_mirror_tw06  2   alpha    -0.2480   -1.0000   +0.0640
  alpha_t2_mirror_tw07  2   alpha    -0.4400   -1.0000   +0.0640
  alpha_t2_mirror_tw08  2   alpha    -0.4720   -1.0000   +0.0640
  alpha_t2_mirror_tw09  2   alpha    -0.1840   -1.0000   +0.0640
  alpha_t2_mirror_tw10  2   alpha    -0.5360   -1.0000   +0.0640
  alpha_t2_mirror_tw11  2   alpha    -0.5840   -1.0000   +0.0640
  alpha_t2_mirror_tw12  2   alpha    -0.4240   -1.0000   +0.0640
  alpha_t2_mirror_tw13  2   alpha    -0.6320   -1.0000   +0.0640
  alpha_t2_mirror_tw14  2   alpha    -0.0400   -1.0000   +0.0640
  alpha_t2_mirror_tw15  2   alpha    -0.3280   -1.0000   +0.0640
  alpha_t3_tw00  3   alpha    -0.6480   -0.9893   -0.9920
  alpha_t3_tw01  3   alpha    -0.4880   -0.9893   -0.9920
  alpha_t3_tw02  3   alpha    -0.6160   -0.9893   -0.9920
  alpha_t3_tw03  3   alpha    -0.3920   -0.9893   -0.9920
  alpha_t3_tw04  3   alpha    -0.4720   -0.9893   -0.9920
  alpha_t3_tw05  3   alpha    -0.4880   -0.9893   -0.9920
  alpha_t3_tw06  3   alpha    -0.5200   -0.9893   -0.9920
  alpha_t3_tw07  3   alpha    -0.5840   -0.9893   -0.9920
  alpha_t3_tw08  3   alpha    -0.5040   -0.9893   -0.9920
  alpha_t3_tw09  3   alpha    -0.5360   -0.9893   -0.9920
  alpha_t3_tw10  3   alpha    -0.5520   -0.9893   -0.9920
  alpha_t3_tw11  3   alpha    -0.5360   -0.9893   -0.9920
  alpha_t3_tw12  3   alpha    -0.5040   -0.9893   -0.9920
  alpha_t3_tw13  3   alpha    -0.5520   -0.9893   -0.9920
  alpha_t3_tw14  3   alpha    -0.3760   -0.9893   -0.9920
  alpha_t3_tw15  3   alpha    -0.4400   -0.9893   -0.9920
  alpha_t3_x3_tw00  3   alpha    -0.0240   -0.9893   -0.9920
  alpha_t3_x3_tw01  3   alpha    -0.2480   -0.9893   -0.9920
  alpha_t3_x3_tw02  3   alpha    -0.2480   -0.9893   -0.9920
  alpha_t3_x3_tw03  3   alpha    -0.2320   -0.9893   -0.9920
  alpha_t3_x3_tw04  3   alpha    -0.3440   -0.9893   -0.9920
  alpha_t3_x3_tw05  3   alpha    -0.2800   -0.9893   -0.9920
  alpha_t3_x3_tw06  3   alpha    -0.0400   -0.9893   -0.9920
  alpha_t3_x3_tw07  3   alpha    -0.1520   -0.9893   -0.9920
  alpha_t3_x3_tw08  3   alpha    -0.0240   -0.9893   -0.9920
  alpha_t3_x3_tw09  3   alpha    -0.1680   -0.9893   -0.9920
  alpha_t3_x3_tw10  3   alpha    -0.2160   -0.9893   -0.9920
  alpha_t3_x3_tw11  3   alpha    -0.1520   -0.9893   -0.9920
  alpha_t3_x3_tw12  3   alpha    -0.1040   -0.9893   -0.9920
  alpha_t3_x3_tw13  3   alpha    -0.2480   -0.9893   -0.9920
  alpha_t3_x3_tw14  3   alpha    -0.2640   -0.9893   -0.9920
  alpha_t3_x3_tw15  3   alpha    -0.4080   -0.9893   -0.9920
  alpha_t3_x5_tw00  3   alpha    +0.1520   -0.9893   -0.9920
  alpha_t3_x5_tw01  3   alpha    -0.2960   -0.9893   -0.9920
  alpha_t3_x5_tw02  3   alpha    +0.0400   -0.9893   -0.9920
  alpha_t3_x5_tw03  3   alpha    -0.0720   -0.9893   -0.9920
  alpha_t3_x5_tw04  3   alpha    -0.0400   -0.9893   -0.9920
  alpha_t3_x5_tw05  3   alpha    -0.1520   -0.9893   -0.9920
  alpha_t3_x5_tw06  3   alpha    +0.0400   -0.9893   -0.9920
  alpha_t3_x5_tw07  3   alpha    -0.0240   -0.9893   -0.9920
  alpha_t3_x5_tw08  3   alpha    -0.0080   -0.9893   -0.9920
  alpha_t3_x5_tw09  3   alpha    -0.1200   -0.9893   -0.9920
  alpha_t3_x5_tw10  3   alpha    -0.1200   -0.9893   -0.9920
  alpha_t3_x5_tw11  3   alpha    +0.0720   -0.9893   -0.9920
  alpha_t3_x5_tw12  3   alpha    -0.2160   -0.9893   -0.9920
  alpha_t3_x5_tw13  3   alpha    -0.2160   -0.9893   -0.9920
  alpha_t3_x5_tw14  3   alpha    -0.0560   -0.9893   -0.9920
  alpha_t3_x5_tw15  3   alpha    +0.0240   -0.9893   -0.9920
  alpha_t3_mirror_tw00  3   alpha    -0.3280   -1.0000   -0.9920
  alpha_t3_mirror_tw01  3   alpha    -0.0720   -1.0000   -0.9920
  alpha_t3_mirror_tw02  3   alpha    -0.2320   -1.0000   -0.9920
  alpha_t3_mirror_tw03  3   alpha    -0.3280   -1.0000   -0.9920
  alpha_t3_mirror_tw04  3   alpha    -0.2320   -1.0000   -0.9920
  alpha_t3_mirror_tw05  3   alpha    -0.2480   -1.0000   -0.9920
  alpha_t3_mirror_tw06  3   alpha    -0.2160   -1.0000   -0.9920
  alpha_t3_mirror_tw07  3   alpha    -0.2000   -1.0000   -0.9920
  alpha_t3_mirror_tw08  3   alpha    -0.3920   -1.0000   -0.9920
  alpha_t3_mirror_tw09  3   alpha    -0.4240   -1.0000   -0.9920
  alpha_t3_mirror_tw10  3   alpha    -0.3760   -1.0000   -0.9920
  alpha_t3_mirror_tw11  3   alpha    -0.2320   -1.0000   -0.9920
  alpha_t3_mirror_tw12  3   alpha    -0.4080   -1.0000   -0.9920
  alpha_t3_mirror_tw13  3   alpha    -0.3600   -1.0000   -0.9920
  alpha_t3_mirror_tw14  3   alpha    -0.3120   -1.0000   -0.9920
  alpha_t3_mirror_tw15  3   alpha    -0.5200   -1.0000   -0.9920
  alpha_t4_tw00  4   alpha    +0.2480   -0.1938   -0.1530
  alpha_t4_tw01  4   alpha    +0.1360   -0.1938   -0.1530
  alpha_t4_tw02  4   alpha    +0.0720   -0.1938   -0.1530
  alpha_t4_tw03  4   alpha    +0.0080   -0.1938   -0.1530
  alpha_t4_tw04  4   alpha    +0.1360   -0.1938   -0.1530
  alpha_t4_tw05  4   alpha    -0.3760   -0.1938   -0.1530
  alpha_t4_tw06  4   alpha    +0.0240   -0.1938   -0.1530
  alpha_t4_tw07  4   alpha    -0.0240   -0.1938   -0.1530
  alpha_t4_tw08  4   alpha    -0.2000   -0.1938   -0.1530
  alpha_t4_tw09  4   alpha    -0.0880   -0.1938   -0.1530
  alpha_t4_tw10  4   alpha    -0.0880   -0.1938   -0.1530
  alpha_t4_tw11  4   alpha    -0.3920   -0.1938   -0.1530
  alpha_t4_tw12  4   alpha    -0.3760   -0.1938   -0.1530
  alpha_t4_tw13  4   alpha    -0.2640   -0.1938   -0.1530
  alpha_t4_tw14  4   alpha    +0.0400   -0.1938   -0.1530
  alpha_t4_tw15  4   alpha    -0.3760   -0.1938   -0.1530
  alpha_t4_x3_tw00  4   alpha    +0.1360   -0.1938   -0.1530
  alpha_t4_x3_tw01  4   alpha    -0.1040   -0.1938   -0.1530
  alpha_t4_x3_tw02  4   alpha    +0.1680   -0.1938   -0.1530
  alpha_t4_x3_tw03  4   alpha    +0.0240   -0.1938   -0.1530
  alpha_t4_x3_tw04  4   alpha    -0.0080   -0.1938   -0.1530
  alpha_t4_x3_tw05  4   alpha    +0.0240   -0.1938   -0.1530
  alpha_t4_x3_tw06  4   alpha    -0.0400   -0.1938   -0.1530
  alpha_t4_x3_tw07  4   alpha    -0.0720   -0.1938   -0.1530
  alpha_t4_x3_tw08  4   alpha    +0.1520   -0.1938   -0.1530
  alpha_t4_x3_tw09  4   alpha    -0.0720   -0.1938   -0.1530
  alpha_t4_x3_tw10  4   alpha    +0.0240   -0.1938   -0.1530
  alpha_t4_x3_tw11  4   alpha    +0.0720   -0.1938   -0.1530
  alpha_t4_x3_tw12  4   alpha    +0.1680   -0.1938   -0.1530
  alpha_t4_x3_tw13  4   alpha    -0.1520   -0.1938   -0.1530
  alpha_t4_x3_tw14  4   alpha    -0.1360   -0.1938   -0.1530
  alpha_t4_x3_tw15  4   alpha    +0.2000   -0.1938   -0.1530
  alpha_t4_x5_tw00  4   alpha    +0.0240   -0.1938   -0.1530
  alpha_t4_x5_tw01  4   alpha    +0.0880   -0.1938   -0.1530
  alpha_t4_x5_tw02  4   alpha    -0.1360   -0.1938   -0.1530
  alpha_t4_x5_tw03  4   alpha    +0.0400   -0.1938   -0.1530
  alpha_t4_x5_tw04  4   alpha    +0.0720   -0.1938   -0.1530
  alpha_t4_x5_tw05  4   alpha    -0.0080   -0.1938   -0.1530
  alpha_t4_x5_tw06  4   alpha    +0.0880   -0.1938   -0.1530
  alpha_t4_x5_tw07  4   alpha    -0.0080   -0.1938   -0.1530
  alpha_t4_x5_tw08  4   alpha    -0.0880   -0.1938   -0.1530
  alpha_t4_x5_tw09  4   alpha    -0.1680   -0.1938   -0.1530
  alpha_t4_x5_tw10  4   alpha    -0.1680   -0.1938   -0.1530
  alpha_t4_x5_tw11  4   alpha    -0.1680   -0.1938   -0.1530
  alpha_t4_x5_tw12  4   alpha    -0.0880   -0.1938   -0.1530
  alpha_t4_x5_tw13  4   alpha    +0.1360   -0.1938   -0.1530
  alpha_t4_x5_tw14  4   alpha    -0.1040   -0.1938   -0.1530
  alpha_t4_x5_tw15  4   alpha    +0.1200   -0.1938   -0.1530
  alpha_t4_mirror_tw00  4   alpha    -0.4560   -1.0000   -0.1530
  alpha_t4_mirror_tw01  4   alpha    -0.2320   -1.0000   -0.1530
  alpha_t4_mirror_tw02  4   alpha    -0.2160   -1.0000   -0.1530
  alpha_t4_mirror_tw03  4   alpha    -0.2960   -1.0000   -0.1530
  alpha_t4_mirror_tw04  4   alpha    -0.1840   -1.0000   -0.1530
  alpha_t4_mirror_tw05  4   alpha    -0.2160   -1.0000   -0.1530
  alpha_t4_mirror_tw06  4   alpha    -0.3600   -1.0000   -0.1530
  alpha_t4_mirror_tw07  4   alpha    -0.2000   -1.0000   -0.1530
  alpha_t4_mirror_tw08  4   alpha    -0.1520   -1.0000   -0.1530
  alpha_t4_mirror_tw09  4   alpha    -0.0240   -1.0000   -0.1530
  alpha_t4_mirror_tw10  4   alpha    -0.0400   -1.0000   -0.1530
  alpha_t4_mirror_tw11  4   alpha    -0.3440   -1.0000   -0.1530
  alpha_t4_mirror_tw12  4   alpha    -0.3280   -1.0000   -0.1530
  alpha_t4_mirror_tw13  4   alpha    -0.1360   -1.0000   -0.1530
  alpha_t4_mirror_tw14  4   alpha    -0.1200   -1.0000   -0.1530
  alpha_t4_mirror_tw15  4   alpha    -0.2800   -1.0000   -0.1530
  cal_ro0      0   cal      +0.9975   +1.0000      +nan
  cal_ro1      0   cal      +0.9780   +1.0000      +nan

total QPU execution time: 15115361 us  (15.1154 s billed)
results written to qcs_results_zne.json
